Potentially unsafe environment:
[BUILD] Found package manager: apt-get, npm, pip
[BUILD] Untrusted build OS: ubuntu
  [RUN] Found package manager: apt-get, npm, pip
  [RUN] Untrusted build OS: ubuntu
Verifying enclave attestation...
Learn more: https://docs.caution.co/concepts/attestation/

Challenge nonce (sent): a2f4616bd6c1151392c3ceb56c5e0d26b4815f81c7b5d8b3768f0615fe84d7eb
Requesting attestation...

Extracting remote attestation values...

Remote PCR values (unverified until verification succeeds):
  PCR0: 8f916a556a1cc661d1738aa0410905f33d064f666d422515e0ce40cfbb841a3e6c3b4eda5f640ffd941df04c2bfb11c1
  PCR1: 8f916a556a1cc661d1738aa0410905f33d064f666d422515e0ce40cfbb841a3e6c3b4eda5f640ffd941df04c2bfb11c1
  PCR2: 21b9efbc184807662e966d34f390821309eeac6802309798826296bf3e8bec7c10edb30948c90ba67310f7b964fc500a
Remote user data (unverified): {\"tls\":{\"certfp\":\"58f59b8337351f39d0953b1610156fd47b36028bcb9f4ed06be3cf1c3c890d6e\",\"domain\":\"tee.unsafe.zec.rocks\",\"mode\":\"tls\"}}

Response manifest information (unsigned):
  App source: https://github.com/zecrocks/zeronym-shim-mainnet-deploy commit: a6067268a04d14f9821edf6c83d3bdd94dab3776
    branch: main
  Enclave source: https://git.distrust.co/public/enclaveos/archive/9582e25239430070667fdd0a6b64d887f1c308df.tar.gz commit: 9582e25239430070667fdd0a6b64d887f1c308df
  Framework source: https://codeberg.org/caution/platform/archive/ecd876be560cb61d683c250a064acca658111411.tar.gz commit: ecd876be560cb61d683c250a064acca658111411

Building from source tarball: /home/runner/work/_temp/attestation-result/source.tar.gz

Checking enclave source is reachable on remote...
  Enclave source preflight passed ✓

Checking framework source is reachable on remote...
  Framework source preflight passed ✓
Output directory: /home/runner/work/_temp/attestation-result/build-cache/reproductions/local/tarball-30770703bb703f3a-300268ec0842f14b-config-90ebc819880b2959a0367f481b4539006f0a68a3880c399f8d98c85300309b1b/eif-stage/output
Build log saved to: /home/runner/work/_temp/attestation-result/build-cache/reproductions/local/tarball-30770703bb703f3a-300268ec0842f14b-config-90ebc819880b2959a0367f481b4539006f0a68a3880c399f8d98c85300309b1b/eif-stage/build.log
Docker build completed successfully

Build artifacts available at: /home/runner/work/_temp/attestation-result/build-cache/reproductions/local/tarball-30770703bb703f3a-300268ec0842f14b-config-90ebc819880b2959a0367f481b4539006f0a68a3880c399f8d98c85300309b1b/eif-stage
You can review everything that went into building this enclave:
  • Containerfile.eif - The complete build recipe
  • app/ - Your application files
  • enclave/ - EnclaveOS source (attestation-service, init)
  • run.sh - Generated startup script
  • manifest.json - Build provenance information

Expected PCR values:
  PCR0: 8f916a556a1cc661d1738aa0410905f33d064f666d422515e0ce40cfbb841a3e6c3b4eda5f640ffd941df04c2bfb11c1
  PCR1: 8f916a556a1cc661d1738aa0410905f33d064f666d422515e0ce40cfbb841a3e6c3b4eda5f640ffd941df04c2bfb11c1
  PCR2: 21b9efbc184807662e966d34f390821309eeac6802309798826296bf3e8bec7c10edb30948c90ba67310f7b964fc500a

Verifying attestation with bootproof-sdk...

✓ Base Nitro attestation and expected PCR0/1/2 verified
✓ TLS certificate binding verified
✓ Attestation verification PASSED
Trusted state: .caution/trusted_hashes.json
